<?xml version="1.0" encoding="utf-8"?><testsuites name="pytest tests"><testsuite name="pytest" errors="0" failures="0" skipped="0" tests="5" time="0.073" timestamp="2026-02-12T19:02:05.447304+00:00" hostname="lab3-test-ci-cd"><testcase classname="tests.test_unit_warehouse.TestWarehouseUnit" name="test_add_item_valid" time="0.001" /><testcase classname="tests.test_unit_warehouse.TestWarehouseUnit" name="test_add_item_negative_quantity" time="0.002" /><testcase classname="tests.test_unit_warehouse.TestWarehouseUnit" name="test_add_item_zero_price" time="0.001" /><testcase classname="tests.test_unit_warehouse.TestWarehouseUnit" name="test_remove_existing_item" time="0.001" /><testcase classname="tests.test_unit_warehouse.TestWarehouseUnit" name="test_update_quantity_valid" time="0.001" /></testsuite></testsuites>